<html>
<body>
<pre>
<h1>礦ision Build Log</h1>
<h2>Project:</h2>
E:\信盈达授课\当前授课\2016-02-22 西乡M3全日制\STM32\stm32.uvproj
Project File Date:  02/22/2016

<h2>Output:</h2>
Build target 'stm'
linking...
Program Size: Code=848 RO-data=336 RW-data=20 ZI-data=1636  
".\obj\stm32.axf" - 0 Error(s), 0 Warning(s).
</pre>
</body>
</html>
...
Program Size: Code=848 RO-data=336 RW-data=20 ZI-data=1636  
".\obj\stm32.axf" - 0 Error(s), 1 Warning(s).
compiling main.c...
usr\src\main.c(6): warning:  #1-D: last line of file ends without a newline
  }
usr\src\main.c: 1 warning, 0 errors
"usr\src\main.c" - 0 Error(s), 1 Warning(s).
